interactions:
- request:
    body: null
    headers:
      User-Agent:
      - instawow (https://github.com/layday/instawow)
    method: GET
    uri: https://data.wago.io/api/check/weakauras?ids=RaidCDs,bfaraid2
  response:
    body:
      string: '[{"_id":"NyJLsr8PW","name":"Tehr''s CDs","slug":"RaidCDs","url":"https://wago.io/RaidCDs","created":"2016-07-18T22:46:06.255Z","modified":"2018-11-01T22:36:56.757Z","game":"bfa","username":"Tehr","version":105,"versionString":"1.0.0","changelog":{"format":"bbcode","text":""},"regionType":"group"},{"_id":"rJg6SAC_G","name":"T23
        Battle of Dazar''alor Auras (9/9 Bosses, all difficulties, both factions)","slug":"bfaraid2","url":"https://wago.io/bfaraid2","created":"2018-03-08T15:24:39.897Z","modified":"2019-03-18T08:29:51.179Z","forkOf":"ryJJQAAOf","game":"bfa","username":"Causese","version":119,"versionString":"2.0.50","changelog":{"format":"bbcode","text":"added
        \"08 Crackling Lightning\" since it can be tracked now. (Stormwall Blockade)\nThanks
        Fawn#12441 for pointing it out."},"regionType":"dynamicgroup"}]'
    headers:
      Access-Control-Allow-Credentials: 'true'
      Access-Control-Allow-Origin: '*'
      Access-Control-Expose-Headers: set-cookie,wotm
      CF-Cache-Status: DYNAMIC
      CF-RAY: 524cbd1d9ea89c27-AMS
      Connection: keep-alive
      Content-Encoding: gzip
      Content-Type: application/json; charset=utf-8
      Date: Sat, 12 Oct 2019 23:08:58 GMT
      Expect-CT: max-age=604800, report-uri="https://report-uri.cloudflare.com/cdn-cgi/beacon/expect-ct"
      Server: cloudflare
      Set-Cookie: __cfduid=d61315d846454be62b72af44013ca662c1570921737; expires=Sun,
        11-Oct-20 23:08:57 GMT; path=/; domain=.wago.io; HttpOnly; Secure
      Transfer-Encoding: chunked
      Vary: Origin
      wotm: '%7B%22name%22%3A%22Erbagatta''s%20Balance%20Rotation%208.1.x%22%2C%22slug%22%3A%22Mufb62VTK%22%2C%22screenshot%22%3A%22https%3A%2F%2Fmedia.wago.io%2Fscreenshots%2FMufb62VTK%2F5c6c30bacd18c843c6adb771.png%22%7D'
    status:
      code: 200
      message: OK
    url: https://data.wago.io/api/check/weakauras?ids=RaidCDs,bfaraid2
- request:
    body: null
    headers:
      User-Agent:
      - instawow (https://github.com/layday/instawow)
    method: GET
    uri: https://data.wago.io/api/check/weakauras?ids=bfaraid2,RaidCDs
  response:
    body:
      string: '[{"_id":"NyJLsr8PW","name":"Tehr''s CDs","slug":"RaidCDs","url":"https://wago.io/RaidCDs","created":"2016-07-18T22:46:06.255Z","modified":"2018-11-01T22:36:56.757Z","game":"bfa","username":"Tehr","version":105,"versionString":"1.0.0","changelog":{"format":"bbcode","text":""},"regionType":"group"},{"_id":"rJg6SAC_G","name":"T23
        Battle of Dazar''alor Auras (9/9 Bosses, all difficulties, both factions)","slug":"bfaraid2","url":"https://wago.io/bfaraid2","created":"2018-03-08T15:24:39.897Z","modified":"2019-03-18T08:29:51.179Z","forkOf":"ryJJQAAOf","game":"bfa","username":"Causese","version":119,"versionString":"2.0.50","changelog":{"format":"bbcode","text":"added
        \"08 Crackling Lightning\" since it can be tracked now. (Stormwall Blockade)\nThanks
        Fawn#12441 for pointing it out."},"regionType":"dynamicgroup"}]'
    headers:
      Access-Control-Allow-Credentials: 'true'
      Access-Control-Allow-Origin: '*'
      Access-Control-Expose-Headers: set-cookie,wotm
      CF-Cache-Status: DYNAMIC
      CF-RAY: 524cbd23eec89c33-AMS
      Connection: keep-alive
      Content-Encoding: gzip
      Content-Type: application/json; charset=utf-8
      Date: Sat, 12 Oct 2019 23:08:59 GMT
      Expect-CT: max-age=604800, report-uri="https://report-uri.cloudflare.com/cdn-cgi/beacon/expect-ct"
      Server: cloudflare
      Set-Cookie: __cfduid=dd3126612c3b6ee12b62b054331adebd31570921738; expires=Sun,
        11-Oct-20 23:08:58 GMT; path=/; domain=.wago.io; HttpOnly; Secure
      Transfer-Encoding: chunked
      Vary: Origin
      wotm: '%7B%22name%22%3A%22Erbagatta''s%20Balance%20Rotation%208.1.x%22%2C%22slug%22%3A%22Mufb62VTK%22%2C%22screenshot%22%3A%22https%3A%2F%2Fmedia.wago.io%2Fscreenshots%2FMufb62VTK%2F5c6c30bacd18c843c6adb771.png%22%7D'
    status:
      code: 200
      message: OK
    url: https://data.wago.io/api/check/weakauras?ids=bfaraid2,RaidCDs
- request:
    body: null
    headers:
      User-Agent:
      - instawow (https://github.com/layday/instawow)
    method: GET
    uri: https://data.wago.io/api/check/weakauras?ids=RaidCDs,bfaraid2
  response:
    body:
      string: '[{"_id":"NyJLsr8PW","name":"Tehr''s CDs","slug":"RaidCDs","url":"https://wago.io/RaidCDs","created":"2016-07-18T22:46:06.255Z","modified":"2018-11-01T22:36:56.757Z","game":"bfa","username":"Tehr","version":105,"versionString":"1.0.0","changelog":{"format":"bbcode","text":""},"regionType":"group"},{"_id":"rJg6SAC_G","name":"T23
        Battle of Dazar''alor Auras (9/9 Bosses, all difficulties, both factions)","slug":"bfaraid2","url":"https://wago.io/bfaraid2","created":"2018-03-08T15:24:39.897Z","modified":"2019-03-18T08:29:51.179Z","forkOf":"ryJJQAAOf","game":"bfa","username":"Causese","version":119,"versionString":"2.0.50","changelog":{"format":"bbcode","text":"added
        \"08 Crackling Lightning\" since it can be tracked now. (Stormwall Blockade)\nThanks
        Fawn#12441 for pointing it out."},"regionType":"dynamicgroup"}]'
    headers:
      Access-Control-Allow-Credentials: 'true'
      Access-Control-Allow-Origin: '*'
      Access-Control-Expose-Headers: set-cookie,wotm
      CF-Cache-Status: DYNAMIC
      CF-RAY: 524cbd279f35d909-AMS
      Connection: keep-alive
      Content-Encoding: gzip
      Content-Type: application/json; charset=utf-8
      Date: Sat, 12 Oct 2019 23:08:59 GMT
      Expect-CT: max-age=604800, report-uri="https://report-uri.cloudflare.com/cdn-cgi/beacon/expect-ct"
      Server: cloudflare
      Set-Cookie: __cfduid=d1f614a8f2e1a7efdcb8b07259a583e9b1570921739; expires=Sun,
        11-Oct-20 23:08:59 GMT; path=/; domain=.wago.io; HttpOnly; Secure
      Transfer-Encoding: chunked
      Vary: Origin
      wotm: '%7B%22name%22%3A%22Erbagatta''s%20Balance%20Rotation%208.1.x%22%2C%22slug%22%3A%22Mufb62VTK%22%2C%22screenshot%22%3A%22https%3A%2F%2Fmedia.wago.io%2Fscreenshots%2FMufb62VTK%2F5c6c30bacd18c843c6adb771.png%22%7D'
    status:
      code: 200
      message: OK
    url: https://data.wago.io/api/check/weakauras?ids=RaidCDs,bfaraid2
- request:
    body: null
    headers:
      User-Agent:
      - instawow (https://github.com/layday/instawow)
    method: GET
    uri: https://data.wago.io/api/check/weakauras?ids=bfaraid2,RaidCDs
  response:
    body:
      string: '[{"_id":"NyJLsr8PW","name":"Tehr''s CDs","slug":"RaidCDs","url":"https://wago.io/RaidCDs","created":"2016-07-18T22:46:06.255Z","modified":"2018-11-01T22:36:56.757Z","game":"bfa","username":"Tehr","version":105,"versionString":"1.0.0","changelog":{"format":"bbcode","text":""},"regionType":"group"},{"_id":"rJg6SAC_G","name":"T23
        Battle of Dazar''alor Auras (9/9 Bosses, all difficulties, both factions)","slug":"bfaraid2","url":"https://wago.io/bfaraid2","created":"2018-03-08T15:24:39.897Z","modified":"2019-03-18T08:29:51.179Z","forkOf":"ryJJQAAOf","game":"bfa","username":"Causese","version":119,"versionString":"2.0.50","changelog":{"format":"bbcode","text":"added
        \"08 Crackling Lightning\" since it can be tracked now. (Stormwall Blockade)\nThanks
        Fawn#12441 for pointing it out."},"regionType":"dynamicgroup"}]'
    headers:
      Access-Control-Allow-Credentials: 'true'
      Access-Control-Allow-Origin: '*'
      Access-Control-Expose-Headers: set-cookie,wotm
      CF-Cache-Status: DYNAMIC
      CF-RAY: 524cbd2a8912c837-AMS
      Connection: keep-alive
      Content-Encoding: gzip
      Content-Type: application/json; charset=utf-8
      Date: Sat, 12 Oct 2019 23:09:00 GMT
      Expect-CT: max-age=604800, report-uri="https://report-uri.cloudflare.com/cdn-cgi/beacon/expect-ct"
      Server: cloudflare
      Set-Cookie: __cfduid=ddbcb3994847d30a9bf95c78a2df9b8eb1570921739; expires=Sun,
        11-Oct-20 23:08:59 GMT; path=/; domain=.wago.io; HttpOnly; Secure
      Transfer-Encoding: chunked
      Vary: Origin
      wotm: '%7B%22name%22%3A%22Erbagatta''s%20Balance%20Rotation%208.1.x%22%2C%22slug%22%3A%22Mufb62VTK%22%2C%22screenshot%22%3A%22https%3A%2F%2Fmedia.wago.io%2Fscreenshots%2FMufb62VTK%2F5c6c30bacd18c843c6adb771.png%22%7D'
    status:
      code: 200
      message: OK
    url: https://data.wago.io/api/check/weakauras?ids=bfaraid2,RaidCDs
- request:
    body: null
    headers:
      User-Agent:
      - instawow (https://github.com/layday/instawow)
    method: GET
    uri: https://data.wago.io/api/check/weakauras?ids=bfaraid2,foobar,RaidCDs
  response:
    body:
      string: '[{"_id":"NyJLsr8PW","name":"Tehr''s CDs","slug":"RaidCDs","url":"https://wago.io/RaidCDs","created":"2016-07-18T22:46:06.255Z","modified":"2018-11-01T22:36:56.757Z","game":"bfa","username":"Tehr","version":105,"versionString":"1.0.0","changelog":{"format":"bbcode","text":""},"regionType":"group"},{"_id":"rJg6SAC_G","name":"T23
        Battle of Dazar''alor Auras (9/9 Bosses, all difficulties, both factions)","slug":"bfaraid2","url":"https://wago.io/bfaraid2","created":"2018-03-08T15:24:39.897Z","modified":"2019-03-18T08:29:51.179Z","forkOf":"ryJJQAAOf","game":"bfa","username":"Causese","version":119,"versionString":"2.0.50","changelog":{"format":"bbcode","text":"added
        \"08 Crackling Lightning\" since it can be tracked now. (Stormwall Blockade)\nThanks
        Fawn#12441 for pointing it out."},"regionType":"dynamicgroup"}]'
    headers:
      Access-Control-Allow-Credentials: 'true'
      Access-Control-Allow-Origin: '*'
      Access-Control-Expose-Headers: set-cookie,wotm
      CF-Cache-Status: DYNAMIC
      CF-RAY: 524cbd2d5d49bdc3-AMS
      Connection: keep-alive
      Content-Encoding: gzip
      Content-Type: application/json; charset=utf-8
      Date: Sat, 12 Oct 2019 23:09:00 GMT
      Expect-CT: max-age=604800, report-uri="https://report-uri.cloudflare.com/cdn-cgi/beacon/expect-ct"
      Server: cloudflare
      Set-Cookie: __cfduid=db8929b97e362d0959268934ce10ed4c51570921740; expires=Sun,
        11-Oct-20 23:09:00 GMT; path=/; domain=.wago.io; HttpOnly; Secure
      Transfer-Encoding: chunked
      Vary: Origin
      wotm: '%7B%22name%22%3A%22Erbagatta''s%20Balance%20Rotation%208.1.x%22%2C%22slug%22%3A%22Mufb62VTK%22%2C%22screenshot%22%3A%22https%3A%2F%2Fmedia.wago.io%2Fscreenshots%2FMufb62VTK%2F5c6c30bacd18c843c6adb771.png%22%7D'
    status:
      code: 200
      message: OK
    url: https://data.wago.io/api/check/weakauras?ids=bfaraid2,foobar,RaidCDs
- request:
    body: null
    headers:
      User-Agent:
      - instawow (https://github.com/layday/instawow)
    method: GET
    uri: https://data.wago.io/api/check/weakauras?ids=bfaraid2,foobar,RaidCDs
  response:
    body:
      string: '[{"_id":"NyJLsr8PW","name":"Tehr''s CDs","slug":"RaidCDs","url":"https://wago.io/RaidCDs","created":"2016-07-18T22:46:06.255Z","modified":"2018-11-01T22:36:56.757Z","game":"bfa","username":"Tehr","version":105,"versionString":"1.0.0","changelog":{"format":"bbcode","text":""},"regionType":"group"},{"_id":"rJg6SAC_G","name":"T23
        Battle of Dazar''alor Auras (9/9 Bosses, all difficulties, both factions)","slug":"bfaraid2","url":"https://wago.io/bfaraid2","created":"2018-03-08T15:24:39.897Z","modified":"2019-03-18T08:29:51.179Z","forkOf":"ryJJQAAOf","game":"bfa","username":"Causese","version":119,"versionString":"2.0.50","changelog":{"format":"bbcode","text":"added
        \"08 Crackling Lightning\" since it can be tracked now. (Stormwall Blockade)\nThanks
        Fawn#12441 for pointing it out."},"regionType":"dynamicgroup"}]'
    headers:
      Access-Control-Allow-Credentials: 'true'
      Access-Control-Allow-Origin: '*'
      Access-Control-Expose-Headers: set-cookie,wotm
      CF-Cache-Status: DYNAMIC
      CF-RAY: 524cbd30ad80bf55-AMS
      Connection: keep-alive
      Content-Encoding: gzip
      Content-Type: application/json; charset=utf-8
      Date: Sat, 12 Oct 2019 23:09:01 GMT
      Expect-CT: max-age=604800, report-uri="https://report-uri.cloudflare.com/cdn-cgi/beacon/expect-ct"
      Server: cloudflare
      Set-Cookie: __cfduid=d19a3a756d7a05d94f000cfc4ea6b818e1570921740; expires=Sun,
        11-Oct-20 23:09:00 GMT; path=/; domain=.wago.io; HttpOnly; Secure
      Transfer-Encoding: chunked
      Vary: Origin
      wotm: '%7B%22name%22%3A%22Erbagatta''s%20Balance%20Rotation%208.1.x%22%2C%22slug%22%3A%22Mufb62VTK%22%2C%22screenshot%22%3A%22https%3A%2F%2Fmedia.wago.io%2Fscreenshots%2FMufb62VTK%2F5c6c30bacd18c843c6adb771.png%22%7D'
    status:
      code: 200
      message: OK
    url: https://data.wago.io/api/check/weakauras?ids=bfaraid2,foobar,RaidCDs
version: 1
